###############################################################################
#                                                                             #
# Calypsi linker for 65816                                        version 5.6 #
#                                                       17/Oct/2024  20:48:06 #
# Command line: f256-plain.scm clib-lc-ld.a --rtattr printf=medium            #
#               --target=f256 --list-file toolbox.map --output-format s37     #
#               -o tester.s37 tester.o parser.o test_cmds.o header.o          #
#               stubs.o bindings.o                                            #
#                                                                             #
###############################################################################

####################
#                  #
# Memories summary #
#                  #
####################

Name             Range         Size    Used    Checksum  Largest unallocated
----------------------------------------------------------------------------
DirectPage       000100-0001ff 000100    7.8%  none      0000ec
LoMem            00a000-00cfff 003000   34.1%  none      001fa2
  > LoMem-code   00a000-00a05d 00005e  100.0%  none      none
  > LoMem-nobits 00a05e-00b05d 001000  100.0%  none      001fa2
Vector           00ffe4-00ffff 00001c    7.1%  none      000018
Banks            010000-01ffff 010000   15.9%  none      00d765
Foo              020000-02ffff 010000    7.1%  none      00edc9


####################
#                  #
# Sections summary #
#                  #
####################

Name            Range          Size    Memory       Fragments
-------------------------------------------------------------
registers       000100-000113  000014  DirectPage   1
code            00a000-00a05d  00005e  LoMem-code   5
stack           00a05e-00b05d  001000  LoMem-nobits 1
reset           00fffc-00fffd  000002  Vector       1
header          010000-010014  000015  Banks        1
data_init_table 010015-01001e  00000a  Banks        1
farcode         01001f-012560  002542  Banks        43
cfar            012561-01258c  00002c  Banks        1
farcode         01258d-0125b6  00002a  Banks        1
cfar            0125b7-012600  00004a  Banks        2
farcode         012601-01267f  00007f  Banks        4
cfar            012680-01269c  00001d  Banks        1
farcode         01269d-0126d1  000035  Banks        2
switch          0126d2-012701  000030  Banks        2
farcode         012702-01276b  00006a  Banks        5
cfar            01276c-01277c  000011  Banks        1
farcode         01277d-01279a  00001e  Banks        2
cfar            01279b-0127a9  00000f  Banks        1
farcode         0127aa-012851  0000a8  Banks        15
cfar            012852-012859  000008  Banks        1
farcode         01285a-012867  00000e  Banks        2
cfar            012868-01286e  000007  Banks        1
farcode         01286f-012873  000005  Banks        1
cfar            012874-012882  00000f  Banks        3
farcode         012883-012886  000004  Banks        1
cfar            012887-012898  000012  Banks        6
farcode         012899-01289a  000002  Banks        2
heap            020000-020fff  001000  Foo          1
zfar            021000-021236  000237  Foo          13


###################
#                 #
# Placement rules #
#                 #
###################

Name           Address range  Key
----------------------------------------------------------------------
Banks          010000-01ffff  TEXT, RODATA and DATA
  > (header 010000)
  > farcode, data_init_table, cfar and switch
  Banks-NoBits 010000-01ffff  BSS
DirectPage     000100-0001ff  Plain
  > registers and ztiny
Foo            020000-02ffff  
  > zfar
  > heap
LoMem          00a000-00cfff  Plain
  LoMem-nobits 00a000-00cfff  Plain and BSS
    > stack
  LoMem-bits   00a000-00cfff  Plain and DATA
  LoMem-cbits  00a000-00cfff  Plain and RODATA
    > data_init_table
  LoMem-code   00a000-00cfff  PlainFunction and TEXT
    > code
Vector         00ffe4-00ffff  Plain
  > (reset 00fffc)

Name  Size   Align
-------------------
stack 001000 no
heap  001000 no

Name             Memory     Offset
-----------------------------------
_DirectPageStart DirectPage 000000
_NearBaseAddress LoMem      000000

################
#              #
# Object files #
#              #
################

Unit Filename            Archive
------------------------------------------
  0  tester.o            -
          >  cfar    000027
          >  farcode 000016
  1  parser.o            -
          >  cfar    000024
          >  farcode 0000da
          >  zfar    000050
  2  test_cmds.o         -
          >  cfar    000089
          >  farcode 0001d4
  3  header.o            -
          >  header 000015
  4  stubs.o             -
          >  farcode 0003ae
          >  zfar    000062
  9  cstartup.o          f256-lc-ld-f256.a
          # picked based on cstartup=f256 (default for Foenix F256 board support)
          >  code    00005e
          >  farcode 000001
          >  reset   000002
 10  exit.o              clib-lc-ld.a
          # picked based on exit=stdexit (built-in default)
          >  farcode 000056
 12  controlFlow.o       clib-lc-ld.a
          >  farcode 00000e
 13  pseudoRegisters.o   clib-lc-ld.a
          >  registers 000014
 14  atexit.o            clib-lc-ld.a
          >  farcode 00002d
          >  zfar    000082
 15  exitC99.o           clib-lc-ld.a
          >  farcode 000005
 16  defaultExit.o       clib-lc-ld.a
          >  farcode 000001
 18  streamlist.o        clib-lc-ld.a
          >  farcode 0000ad
          >  zfar    000063
 20  integer.o           clib-lc-ld.a
          >  farcode 00008f
 21  errno.o             clib-lc-ld.a
          >  zfar 000002
 22  lib_fclose.o        clib-lc-ld.a
          >  farcode 0001d9
 23  free.o              clib-lc-ld.a
          >  farcode 00016b
 24  addfreechunk.o      clib-lc-ld.a
          >  farcode 000113
 25  heap_initialize.o   clib-lc-ld.a
          >  farcode 000203
          >  zfar    00009a
 26  lib_memset.o        clib-lc-ld.a
          >  farcode 000046
 27  lib_strtok.o        clib-lc-ld.a
          >  farcode 000015
          >  zfar    000004
 28  lib_strtokr.o       clib-lc-ld.a
          >  farcode 000146
 29  lib_strchr.o        clib-lc-ld.a
          >  farcode 000021
 30  lib_printf.o        clib-lc-ld.a
          >  farcode 000041
 31  lib_vfprintf.o      clib-lc-ld.a
          >  farcode 000058
 34  __vsprintf_medium.o clib-lc-ld.a
          # picked based on printf=medium (specified on the command line)
          >  cfar    00000f
          >  farcode 000e4b
          >  switch  000030
 36  lib_stdoutstream.o  clib-lc-ld.a
          >  farcode 0000ca
 37  lib_libnoflush.o    clib-lc-ld.a
          >  farcode 000004
 38  lib_fputc.o         clib-lc-ld.a
          >  farcode 00007f
 39  lib_libfflush.o     clib-lc-ld.a
          >  farcode 000169
 41  lib_libfwrite.o     clib-lc-ld.a
          >  farcode 0001bf
 42  lib_rdflush.o       clib-lc-ld.a
          >  farcode 0000aa
 43  lib_fseek.o         clib-lc-ld.a
          >  farcode 00007b
 45  lib_wrflush.o       clib-lc-ld.a
          >  farcode 000021
 46  lib_fflush.o        clib-lc-ld.a
          >  farcode 000038
 47  lib_libflushall.o   clib-lc-ld.a
          >  farcode 000078
 49  lib_strcmp.o        clib-lc-ld.a
          >  farcode 00003a
 54  initialize.o        clib-lc-ld.a
          # picked based on initialize=normal (built-in default)
          >  farcode 000083
 56  lib_memcpy.o        clib-lc-ld.a
          >  farcode 000049
 57  lib_strnlen.o       clib-lc-ld.a
          >  farcode 00002a
 58  vswitch16.o         clib-lc-ld.a
          >  farcode 000088

###################
#                 #
# Cross reference #
#                 #
###################

signature in section 'header'  placed at address 010000-010014 of size 000015
(header.o unit 3 section index 2)
    References:
        __program_start in (cstartup.o (from f256-lc-ld-f256.a) unit 9 section index 2)

Section 'data_init_table'  placed at address 010015-01001e of size 00000a
(linker generated)

vsprintf_internal in section 'farcode'
 placed at address 01001f-010d10 of size 000cf2
(__vsprintf_medium.o (from clib-lc-ld.a) unit 34 section index 5)
    References:
        _Dp in (pseudoRegisters.o (from clib-lc-ld.a) unit 13 section index 2)
        _JmpIndLong in (controlFlow.o (from clib-lc-ld.a) unit 12 section index 3)
        `_StringLiteral_*float*` in (__vsprintf_medium.o (from clib-lc-ld.a) unit 34 section index 3)
        _ValueSwitch16 in (vswitch16.o (from clib-lc-ld.a) unit 58 section index 2)
        __lib_vsprintf in (__vsprintf_medium.o (from clib-lc-ld.a) unit 34 section index 6)
        __ultoa_invert in (__vsprintf_medium.o (from clib-lc-ld.a) unit 34 section index 4)
        strnlen in (lib_strnlen.o (from clib-lc-ld.a) unit 57 section index 2)

__lib_fwrite in section 'farcode'
 placed at address 010d11-010ecf of size 0001bf
(lib_libfwrite.o (from clib-lc-ld.a) unit 41 section index 2)
    Defines:
        __lib_fwrite = 010d11
    References:
        _Dp in (pseudoRegisters.o (from clib-lc-ld.a) unit 13 section index 2)
        _Stub_write in (stubs.o unit 4 section index 10)
        __lib_fflush in (lib_libfflush.o (from clib-lc-ld.a) unit 39 section index 2)
        __lib_rdflush in (lib_rdflush.o (from clib-lc-ld.a) unit 42 section index 2)
        errno in (errno.o (from clib-lc-ld.a) unit 21 section index 2)
    Referenced from:
        fputc (lib_fputc.o (from clib-lc-ld.a) unit 38 section index 2)

fclose in section 'farcode'  placed at address 010ed0-01108e of size 0001bf
(lib_fclose.o (from clib-lc-ld.a) unit 22 section index 3)
    Defines:
        fclose = 010ed0
    References:
        _Dp in (pseudoRegisters.o (from clib-lc-ld.a) unit 13 section index 2)
        __close in (lib_fclose.o (from clib-lc-ld.a) unit 22 section index 2)
        __global_streams in (streamlist.o (from clib-lc-ld.a) unit 18 section index 6)
        errno in (errno.o (from clib-lc-ld.a) unit 21 section index 2)
        fflush in (lib_fflush.o (from clib-lc-ld.a) unit 46 section index 2)
        free in (free.o (from clib-lc-ld.a) unit 23 section index 2)

free in section 'farcode'  placed at address 01108f-0111ee of size 000160
(free.o (from clib-lc-ld.a) unit 23 section index 2)
    Defines:
        free = 01108f
    References:
        _Dp in (pseudoRegisters.o (from clib-lc-ld.a) unit 13 section index 2)
        __addfreechunk in (addfreechunk.o (from clib-lc-ld.a) unit 24 section index 3)
        __default_heap in (heap_initialize.o (from clib-lc-ld.a) unit 25 section index 5)
    Referenced from:
        fclose (lib_fclose.o (from clib-lc-ld.a) unit 22 section index 3)

__lib_fflush in section 'farcode'
 placed at address 0111ef-011341 of size 000153
(lib_libfflush.o (from clib-lc-ld.a) unit 39 section index 2)
    Defines:
        __lib_fflush = 0111ef
    References:
        _Dp in (pseudoRegisters.o (from clib-lc-ld.a) unit 13 section index 2)
        _Stub_write in (stubs.o unit 4 section index 10)
    Referenced from:
        (lib_stdoutstream.o (from clib-lc-ld.a) unit 36 section index 3)
        fputc (lib_fputc.o (from clib-lc-ld.a) unit 38 section index 2)
        __lib_fwrite (lib_libfwrite.o (from clib-lc-ld.a) unit 41 section index 2)
        __lib_wrflush (lib_wrflush.o (from clib-lc-ld.a) unit 45 section index 2)
        fflush (lib_fflush.o (from clib-lc-ld.a) unit 46 section index 2)

strtok_r in section 'farcode'  placed at address 011342-01146d of size 00012c
(lib_strtokr.o (from clib-lc-ld.a) unit 28 section index 2)
    Defines:
        strtok_r = 011342
    References:
        _Dp in (pseudoRegisters.o (from clib-lc-ld.a) unit 13 section index 2)
    Referenced from:
        strtok (lib_strtok.o (from clib-lc-ld.a) unit 27 section index 3)

__heap_initialize in section 'farcode'
 placed at address 01146e-011581 of size 000114
(heap_initialize.o (from clib-lc-ld.a) unit 25 section index 3)
    Defines:
        __heap_initialize = 01146e
    References:
        _Dp in (pseudoRegisters.o (from clib-lc-ld.a) unit 13 section index 2)
        __heap_addregion in (heap_initialize.o (from clib-lc-ld.a) unit 25 section index 2)
        memset in (lib_memset.o (from clib-lc-ld.a) unit 26 section index 2)
    Referenced from:
        __call_heap_initialize (cstartup.o (from f256-lc-ld-f256.a) unit 9 section index 5)

_Stub_open in section 'farcode'  placed at address 011582-011673 of size 0000f2
(stubs.o unit 4 section index 6)
    Defines:
        _Stub_open = 011582
    References:
        _Dp in (pseudoRegisters.o (from clib-lc-ld.a) unit 13 section index 2)
        _Mul16 in (integer.o (from clib-lc-ld.a) unit 20 section index 2)
        errno in (errno.o (from clib-lc-ld.a) unit 21 section index 2)
        sys_fsys_open in (bindings.o unit 5 section index 65521)

cmd_more in section 'farcode'  placed at address 011674-01175f of size 0000ec
(test_cmds.o unit 2 section index 4)
    Defines:
        cmd_more = 011674
    References:
        _Dp in (pseudoRegisters.o (from clib-lc-ld.a) unit 13 section index 2)
        `_StringLiteral_%s` in (test_cmds.o unit 2 section index 7)
        `_StringLiteral_[10,80,114,101,115,115,32,97,110,121,32,107,101,121,32,116,111,32,99,111,110,116,105,110,117,101,46,10]` in (test_cmds.o unit 2 section index 6)
        `_StringLiteral_[67,111,110,116,101,110,116,115,32,111,102,32,37,115,58,10]` in (test_cmds.o unit 2 section index 10)
        `_StringLiteral_[67,111,117,108,100,32,110,111,116,32,111,112,101,110,32,47,115,100,48,47,104,101,108,108,111,46,116,120,116,32,102,111,114,32,114,101,97,100,105,110,103,46,10]` in (test_cmds.o unit 2 section index 11)
        printf in (lib_printf.o (from clib-lc-ld.a) unit 30 section index 2)
        sys_chan_read_b in (bindings.o unit 5 section index 65521)
        sys_chan_readline in (bindings.o unit 5 section index 65521)
        sys_fsys_close in (bindings.o unit 5 section index 65521)
        sys_fsys_open in (bindings.o unit 5 section index 65521)
    Referenced from:
        parse (parser.o unit 1 section index 4)

__addfreechunk in section 'farcode'
 placed at address 011760-011840 of size 0000e1
(addfreechunk.o (from clib-lc-ld.a) unit 24 section index 3)
    Defines:
        __addfreechunk = 011760
    References:
        _Dp in (pseudoRegisters.o (from clib-lc-ld.a) unit 13 section index 2)
        __size2ndx in (addfreechunk.o (from clib-lc-ld.a) unit 24 section index 2)
    Referenced from:
        free (free.o (from clib-lc-ld.a) unit 23 section index 2)
        __heap_addregion (heap_initialize.o (from clib-lc-ld.a) unit 25 section index 2)

__heap_addregion in section 'farcode'
 placed at address 011841-011920 of size 0000e0
(heap_initialize.o (from clib-lc-ld.a) unit 25 section index 2)
    Defines:
        __heap_addregion = 011841
    References:
        _Dp in (pseudoRegisters.o (from clib-lc-ld.a) unit 13 section index 2)
        __addfreechunk in (addfreechunk.o (from clib-lc-ld.a) unit 24 section index 3)
    Referenced from:
        __heap_initialize (heap_initialize.o (from clib-lc-ld.a) unit 25 section index 3)

init in section 'farcode'  placed at address 011921-0119e7 of size 0000c7
(stubs.o unit 4 section index 4)
    References:
        _Dp in (pseudoRegisters.o (from clib-lc-ld.a) unit 13 section index 2)
        _Mul16 in (integer.o (from clib-lc-ld.a) unit 20 section index 2)

cmd_dir in section 'farcode'  placed at address 0119e8-011aad of size 0000c6
(test_cmds.o unit 2 section index 5)
    Defines:
        cmd_dir = 0119e8
    References:
        _Dp in (pseudoRegisters.o (from clib-lc-ld.a) unit 13 section index 2)
        `_StringLiteral_[37,115,10]` in (test_cmds.o unit 2 section index 8)
        `_StringLiteral_[37,115,47,10]` in (test_cmds.o unit 2 section index 9)
        `_StringLiteral_[67,111,110,116,101,110,116,115,32,111,102,32,37,115,58,10]` in (test_cmds.o unit 2 section index 10)
        `_StringLiteral_[85,110,97,98,108,101,32,116,111,32,111,112,101,110,32,100,105,114,101,99,116,111,114,121,32,111,110,32,47,115,100,48,46,10]` in (test_cmds.o unit 2 section index 12)
        printf in (lib_printf.o (from clib-lc-ld.a) unit 30 section index 2)
        sys_fsys_closedir in (bindings.o unit 5 section index 65521)
        sys_fsys_opendir in (bindings.o unit 5 section index 65521)
        sys_fsys_readdir in (bindings.o unit 5 section index 65521)
    Referenced from:
        parse (parser.o unit 1 section index 4)

__ultoa_invert in section 'farcode'
 placed at address 011aae-011b6f of size 0000c2
(__vsprintf_medium.o (from clib-lc-ld.a) unit 34 section index 4)
    Defines:
        __ultoa_invert = 011aae
    References:
        _Dp in (pseudoRegisters.o (from clib-lc-ld.a) unit 13 section index 2)
        _UDivMod32 in (integer.o (from clib-lc-ld.a) unit 20 section index 11)
    Referenced from:
        (__vsprintf_medium.o (from clib-lc-ld.a) unit 34 section index 5)

__lib_rdflush in section 'farcode'
 placed at address 011b70-011c19 of size 0000aa
(lib_rdflush.o (from clib-lc-ld.a) unit 42 section index 2)
    Defines:
        __lib_rdflush = 011b70
    References:
        _Dp in (pseudoRegisters.o (from clib-lc-ld.a) unit 13 section index 2)
        errno in (errno.o (from clib-lc-ld.a) unit 21 section index 2)
        fseek in (lib_fseek.o (from clib-lc-ld.a) unit 43 section index 2)
    Referenced from:
        __lib_fwrite (lib_libfwrite.o (from clib-lc-ld.a) unit 41 section index 2)
        fseek (lib_fseek.o (from clib-lc-ld.a) unit 43 section index 2)

parse in section 'farcode'  placed at address 011c1a-011cae of size 000095
(parser.o unit 1 section index 4)
    Defines:
        parse = 011c1a
    References:
        _Dp in (pseudoRegisters.o (from clib-lc-ld.a) unit 13 section index 2)
        `_StringLiteral_ ` in (parser.o unit 1 section index 7)
        `_StringLiteral_/sd0` in (parser.o unit 1 section index 8)
        `_StringLiteral_/sd0/hello.txt` in (parser.o unit 1 section index 9)
        _StringLiteral_dir in (parser.o unit 1 section index 11)
        _StringLiteral_more in (parser.o unit 1 section index 12)
        cmd_dir in (test_cmds.o unit 2 section index 5)
        cmd_more in (test_cmds.o unit 2 section index 4)
        strcmp in (lib_strcmp.o (from clib-lc-ld.a) unit 49 section index 2)
        strtok in (lib_strtok.o (from clib-lc-ld.a) unit 27 section index 3)
    Referenced from:
        repl (parser.o unit 1 section index 5)

_ValueSwitch16 in section 'farcode'
 placed at address 011caf-011d36 of size 000088
(vswitch16.o (from clib-lc-ld.a) unit 58 section index 2)
    Defines:
        _ValueSwitch16 = 011caf
    References:
        _Dp in (pseudoRegisters.o (from clib-lc-ld.a) unit 13 section index 2)
    Referenced from:
        (__vsprintf_medium.o (from clib-lc-ld.a) unit 34 section index 5)

__initialize_sections in section 'farcode'
 placed at address 011d37-011db9 of size 000083
(initialize.o (from clib-lc-ld.a) unit 54 section index 2)
    Defines:
        __initialize_sections = 011d37
    References:
        _Dp in (pseudoRegisters.o (from clib-lc-ld.a) unit 13 section index 2)
        memcpy in (lib_memcpy.o (from clib-lc-ld.a) unit 56 section index 2)
        memset in (lib_memset.o (from clib-lc-ld.a) unit 26 section index 2)
    Referenced from:
        __data_initialization_needed (cstartup.o (from f256-lc-ld-f256.a) unit 9 section index 3)

fputc in section 'farcode'  placed at address 011dba-011e38 of size 00007f
(lib_fputc.o (from clib-lc-ld.a) unit 38 section index 2)
    Defines:
        fputc = 011dba
    References:
        _Dp in (pseudoRegisters.o (from clib-lc-ld.a) unit 13 section index 2)
        __lib_fflush in (lib_libfflush.o (from clib-lc-ld.a) unit 39 section index 2)
        __lib_fwrite in (lib_libfwrite.o (from clib-lc-ld.a) unit 41 section index 2)
    Referenced from:
        (lib_stdoutstream.o (from clib-lc-ld.a) unit 36 section index 2)

fseek in section 'farcode'  placed at address 011e39-011eb3 of size 00007b
(lib_fseek.o (from clib-lc-ld.a) unit 43 section index 2)
    Defines:
        fseek = 011e39
    References:
        _Dp in (pseudoRegisters.o (from clib-lc-ld.a) unit 13 section index 2)
        _Stub_lseek in (stubs.o unit 4 section index 8)
        __lib_rdflush in (lib_rdflush.o (from clib-lc-ld.a) unit 42 section index 2)
        __lib_wrflush in (lib_wrflush.o (from clib-lc-ld.a) unit 45 section index 2)
    Referenced from:
        __lib_rdflush (lib_rdflush.o (from clib-lc-ld.a) unit 42 section index 2)

__lib_flushall in section 'farcode'
 placed at address 011eb4-011f2b of size 000078
(lib_libflushall.o (from clib-lc-ld.a) unit 47 section index 2)
    Defines:
        __lib_flushall = 011eb4
    References:
        _Dp in (pseudoRegisters.o (from clib-lc-ld.a) unit 13 section index 2)
        fflush in (lib_fflush.o (from clib-lc-ld.a) unit 46 section index 2)
    Referenced from:
        fflush (lib_fflush.o (from clib-lc-ld.a) unit 46 section index 2)

_Stub_close in section 'farcode'
 placed at address 011f2c-011fa1 of size 000076
(stubs.o unit 4 section index 7)
    Defines:
        _Stub_close = 011f2c
    References:
        _Dp in (pseudoRegisters.o (from clib-lc-ld.a) unit 13 section index 2)
        _Mul16 in (integer.o (from clib-lc-ld.a) unit 20 section index 2)
        sys_fsys_close in (bindings.o unit 5 section index 65521)
    Referenced from:
        (streamlist.o (from clib-lc-ld.a) unit 18 section index 7)
        __close (lib_fclose.o (from clib-lc-ld.a) unit 22 section index 2)

_Stub_read in section 'farcode'  placed at address 011fa2-012012 of size 000071
(stubs.o unit 4 section index 9)
    Defines:
        _Stub_read = 011fa2
    References:
        _Dp in (pseudoRegisters.o (from clib-lc-ld.a) unit 13 section index 2)
        _Mul16 in (integer.o (from clib-lc-ld.a) unit 20 section index 2)
        sys_chan_read in (bindings.o unit 5 section index 65521)

_UDivMod32 in section 'farcode'  placed at address 012013-01205b of size 000049
(integer.o (from clib-lc-ld.a) unit 20 section index 11)
    Defines:
        _UDivMod32 = 012013
    References:
        _Dp in (pseudoRegisters.o (from clib-lc-ld.a) unit 13 section index 2)
    Referenced from:
        __ultoa_invert (__vsprintf_medium.o (from clib-lc-ld.a) unit 34 section index 4)

_DivModSign32 in section 'farcode'
 placed at address 01205c-012071 of size 000016
(integer.o (from clib-lc-ld.a) unit 20 section index 14)
    Defines:
        _DivModSign32 = 01205c
    References:
        _Dp in (pseudoRegisters.o (from clib-lc-ld.a) unit 13 section index 2)

`?L4` in section 'farcode'  placed at address 012072-0120ce of size 00005d
(lib_stdoutstream.o (from clib-lc-ld.a) unit 36 section index 2)
    References:
        _Dp in (pseudoRegisters.o (from clib-lc-ld.a) unit 13 section index 2)
        errno in (errno.o (from clib-lc-ld.a) unit 21 section index 2)
        fputc in (lib_fputc.o (from clib-lc-ld.a) unit 38 section index 2)

`?L5` in section 'farcode'  placed at address 0120cf-01212a of size 00005c
(streamlist.o (from clib-lc-ld.a) unit 18 section index 7)
    References:
        _Dp in (pseudoRegisters.o (from clib-lc-ld.a) unit 13 section index 2)
        _Stub_close in (stubs.o unit 4 section index 7)
        __close in (lib_fclose.o (from clib-lc-ld.a) unit 22 section index 2)
        __global_streams in (streamlist.o (from clib-lc-ld.a) unit 18 section index 6)
        fflush in (lib_fflush.o (from clib-lc-ld.a) unit 46 section index 2)

vfprintf in section 'farcode'  placed at address 01212b-012182 of size 000058
(lib_vfprintf.o (from clib-lc-ld.a) unit 31 section index 2)
    Defines:
        vfprintf = 01212b
    References:
        _Dp in (pseudoRegisters.o (from clib-lc-ld.a) unit 13 section index 2)
        __lib_stdoutstream in (lib_stdoutstream.o (from clib-lc-ld.a) unit 36 section index 4)
        __lib_vsprintf in (__vsprintf_medium.o (from clib-lc-ld.a) unit 34 section index 6)
    Referenced from:
        printf (lib_printf.o (from clib-lc-ld.a) unit 30 section index 2)

exit in section 'farcode'  placed at address 012183-0121d8 of size 000056
(exit.o (from clib-lc-ld.a) unit 10 section index 2)
    Defines:
        exit = 012183
    References:
        _Dp in (pseudoRegisters.o (from clib-lc-ld.a) unit 13 section index 2)
        _Exit in (exitC99.o (from clib-lc-ld.a) unit 15 section index 2)
        _ExitCloseStreams in (streamlist.o (from clib-lc-ld.a) unit 18 section index 2)
        _JmpIndLong in (controlFlow.o (from clib-lc-ld.a) unit 12 section index 3)
        __atexit in (atexit.o (from clib-lc-ld.a) unit 14 section index 2)
        __atexit_index in (atexit.o (from clib-lc-ld.a) unit 14 section index 3)
    Referenced from:
        (cstartup.o (from f256-lc-ld-f256.a) unit 9 section index 6)

`?L13` in section 'farcode'  placed at address 0121d9-01222e of size 000056
(stubs.o unit 4 section index 5)
    References:
        _Dp in (pseudoRegisters.o (from clib-lc-ld.a) unit 13 section index 2)
        _Mul16 in (integer.o (from clib-lc-ld.a) unit 20 section index 2)

_Stub_write in section 'farcode'
 placed at address 01222f-012281 of size 000053
(stubs.o unit 4 section index 10)
    Defines:
        _Stub_write = 01222f
    References:
        _Dp in (pseudoRegisters.o (from clib-lc-ld.a) unit 13 section index 2)
        _Mul16 in (integer.o (from clib-lc-ld.a) unit 20 section index 2)
        sys_chan_write in (bindings.o unit 5 section index 65521)
    Referenced from:
        __lib_fflush (lib_libfflush.o (from clib-lc-ld.a) unit 39 section index 2)
        __lib_fwrite (lib_libfwrite.o (from clib-lc-ld.a) unit 41 section index 2)

__lib_stdoutstream in section 'farcode'
 placed at address 012282-0122d3 of size 000052
(lib_stdoutstream.o (from clib-lc-ld.a) unit 36 section index 4)
    Defines:
        __lib_stdoutstream = 012282
    References:
        _Dp in (pseudoRegisters.o (from clib-lc-ld.a) unit 13 section index 2)
        __lib_noflush in (lib_libnoflush.o (from clib-lc-ld.a) unit 37 section index 2)
    Referenced from:
        vfprintf (lib_vfprintf.o (from clib-lc-ld.a) unit 31 section index 2)

__initialize_global_streams in section 'farcode'
 placed at address 0122d4-012324 of size 000051
(streamlist.o (from clib-lc-ld.a) unit 18 section index 8)
    Defines:
        __initialize_global_streams = 0122d4
    References:
        _ExitCloseStreams in (streamlist.o (from clib-lc-ld.a) unit 18 section index 2)
        __global_streams in (streamlist.o (from clib-lc-ld.a) unit 18 section index 6)
    Referenced from:
        __call_initialize_global_streams (cstartup.o (from f256-lc-ld-f256.a) unit 9 section index 4)

memcpy in section 'farcode'  placed at address 012325-01236d of size 000049
(lib_memcpy.o (from clib-lc-ld.a) unit 56 section index 2)
    Defines:
        memcpy = 012325
    References:
        _Dp in (pseudoRegisters.o (from clib-lc-ld.a) unit 13 section index 2)
    Referenced from:
        __initialize_sections (initialize.o (from clib-lc-ld.a) unit 54 section index 2)

memset in section 'farcode'  placed at address 01236e-0123b3 of size 000046
(lib_memset.o (from clib-lc-ld.a) unit 26 section index 2)
    Defines:
        memset = 01236e
    References:
        _Dp in (pseudoRegisters.o (from clib-lc-ld.a) unit 13 section index 2)
    Referenced from:
        __heap_initialize (heap_initialize.o (from clib-lc-ld.a) unit 25 section index 3)
        __initialize_sections (initialize.o (from clib-lc-ld.a) unit 54 section index 2)

printf in section 'farcode'  placed at address 0123b4-0123f4 of size 000041
(lib_printf.o (from clib-lc-ld.a) unit 30 section index 2)
    Defines:
        printf = 0123b4
    References:
        _Dp in (pseudoRegisters.o (from clib-lc-ld.a) unit 13 section index 2)
        __global_streams in (streamlist.o (from clib-lc-ld.a) unit 18 section index 6)
        vfprintf in (lib_vfprintf.o (from clib-lc-ld.a) unit 31 section index 2)
    Referenced from:
        main (tester.o unit 0 section index 2)
        repl (parser.o unit 1 section index 5)
        cmd_more (test_cmds.o unit 2 section index 4)
        cmd_dir (test_cmds.o unit 2 section index 5)

_Stub_rename in section 'farcode'
 placed at address 0123f5-01242f of size 00003b
(stubs.o unit 4 section index 11)
    Defines:
        _Stub_rename = 0123f5
    References:
        _Dp in (pseudoRegisters.o (from clib-lc-ld.a) unit 13 section index 2)
        sys_fsys_rename in (bindings.o unit 5 section index 65521)

strcmp in section 'farcode'  placed at address 012430-012469 of size 00003a
(lib_strcmp.o (from clib-lc-ld.a) unit 49 section index 2)
    Defines:
        strcmp = 012430
    References:
        _Dp in (pseudoRegisters.o (from clib-lc-ld.a) unit 13 section index 2)
    Referenced from:
        parse (parser.o unit 1 section index 4)

fflush in section 'farcode'  placed at address 01246a-0124a1 of size 000038
(lib_fflush.o (from clib-lc-ld.a) unit 46 section index 2)
    Defines:
        fflush = 01246a
    References:
        _Dp in (pseudoRegisters.o (from clib-lc-ld.a) unit 13 section index 2)
        __global_streams in (streamlist.o (from clib-lc-ld.a) unit 18 section index 6)
        __lib_fflush in (lib_libfflush.o (from clib-lc-ld.a) unit 39 section index 2)
        __lib_flushall in (lib_libflushall.o (from clib-lc-ld.a) unit 47 section index 2)
        errno in (errno.o (from clib-lc-ld.a) unit 21 section index 2)
    Referenced from:
        (streamlist.o (from clib-lc-ld.a) unit 18 section index 7)
        fclose (lib_fclose.o (from clib-lc-ld.a) unit 22 section index 3)
        __lib_flushall (lib_libflushall.o (from clib-lc-ld.a) unit 47 section index 2)

__size2ndx in section 'farcode'  placed at address 0124a2-0124d3 of size 000032
(addfreechunk.o (from clib-lc-ld.a) unit 24 section index 2)
    Defines:
        __size2ndx = 0124a2
    References:
        _Dp in (pseudoRegisters.o (from clib-lc-ld.a) unit 13 section index 2)
    Referenced from:
        __addfreechunk (addfreechunk.o (from clib-lc-ld.a) unit 24 section index 3)

_Mul16 in section 'farcode'  placed at address 0124d4-012503 of size 000030
(integer.o (from clib-lc-ld.a) unit 20 section index 2)
    Defines:
        _Mul16 = 0124d4
    References:
        _Dp in (pseudoRegisters.o (from clib-lc-ld.a) unit 13 section index 2)
    Referenced from:
        (stubs.o unit 4 section index 4)
        (stubs.o unit 4 section index 5)
        _Stub_open (stubs.o unit 4 section index 6)
        _Stub_close (stubs.o unit 4 section index 7)
        _Stub_read (stubs.o unit 4 section index 9)
        _Stub_write (stubs.o unit 4 section index 10)

repl in section 'farcode'  placed at address 012504-012533 of size 000030
(parser.o unit 1 section index 5)
    Defines:
        repl = 012504
    References:
        _Dp in (pseudoRegisters.o (from clib-lc-ld.a) unit 13 section index 2)
        `_StringLiteral_> ` in (parser.o unit 1 section index 10)
        `_StringLiteral_[10]` in (parser.o unit 1 section index 6)
        parse in (parser.o unit 1 section index 4)
        printf in (lib_printf.o (from clib-lc-ld.a) unit 30 section index 2)
        readline in (parser.o unit 1 section index 3)
    Referenced from:
        main (tester.o unit 0 section index 2)

atexit in section 'farcode'  placed at address 012534-012560 of size 00002d
(atexit.o (from clib-lc-ld.a) unit 14 section index 4)
    Defines:
        atexit = 012534
    References:
        _Dp in (pseudoRegisters.o (from clib-lc-ld.a) unit 13 section index 2)
        __atexit in (atexit.o (from clib-lc-ld.a) unit 14 section index 2)
        __atexit_index in (atexit.o (from clib-lc-ld.a) unit 14 section index 3)

`_StringLiteral_[67,111,117,108,100,32,110,111,116,32,111,112,101,110,32,47,115,100,48,47,104,101,108,108,111,46,116,120,116,32,102,111,114,32,114,101,97,100,105,110,103,46,10]` in section 'cfar'
 placed at address 012561-01258c of size 00002c
(test_cmds.o unit 2 section index 11)
    Defines:
        `_StringLiteral_[67,111,117,108,100,32,110,111,116,32,111,112,101,110,32,47,115,100,48,47,104,101,108,108,111,46,116,120,116,32,102,111,114,32,114,101,97,100,105,110,103,46,10]` = 012561
    Referenced from:
        cmd_more (test_cmds.o unit 2 section index 4)

strnlen in section 'farcode'  placed at address 01258d-0125b6 of size 00002a
(lib_strnlen.o (from clib-lc-ld.a) unit 57 section index 2)
    Defines:
        strnlen = 01258d
    References:
        _Dp in (pseudoRegisters.o (from clib-lc-ld.a) unit 13 section index 2)
    Referenced from:
        (__vsprintf_medium.o (from clib-lc-ld.a) unit 34 section index 5)

`_StringLiteral_[87,101,108,99,111,109,101,32,116,111,32,116,104,101,32,70,111,101,110,105,120,32,84,111,111,108,98,111,120,32,84,101,115,116,101,114,10,10]` in section 'cfar'
 placed at address 0125b7-0125dd of size 000027
(tester.o unit 0 section index 3)
    Defines:
        `_StringLiteral_[87,101,108,99,111,109,101,32,116,111,32,116,104,101,32,70,111,101,110,105,120,32,84,111,111,108,98,111,120,32,84,101,115,116,101,114,10,10]` = 0125b7
    Referenced from:
        main (tester.o unit 0 section index 2)

`_StringLiteral_[85,110,97,98,108,101,32,116,111,32,111,112,101,110,32,100,105,114,101,99,116,111,114,121,32,111,110,32,47,115,100,48,46,10]` in section 'cfar'
 placed at address 0125de-012600 of size 000023
(test_cmds.o unit 2 section index 12)
    Defines:
        `_StringLiteral_[85,110,97,98,108,101,32,116,111,32,111,112,101,110,32,100,105,114,101,99,116,111,114,121,32,111,110,32,47,115,100,48,46,10]` = 0125de
    Referenced from:
        cmd_dir (test_cmds.o unit 2 section index 5)

strchr in section 'farcode'  placed at address 012601-012621 of size 000021
(lib_strchr.o (from clib-lc-ld.a) unit 29 section index 2)
    Defines:
        strchr = 012601
    References:
        _Dp in (pseudoRegisters.o (from clib-lc-ld.a) unit 13 section index 2)
    Referenced from:
        (lib_strtokr.o (from clib-lc-ld.a) unit 28 section index 4)

__lib_wrflush in section 'farcode'
 placed at address 012622-012642 of size 000021
(lib_wrflush.o (from clib-lc-ld.a) unit 45 section index 2)
    Defines:
        __lib_wrflush = 012622
    References:
        _Dp in (pseudoRegisters.o (from clib-lc-ld.a) unit 13 section index 2)
        __lib_fflush in (lib_libfflush.o (from clib-lc-ld.a) unit 39 section index 2)
    Referenced from:
        fseek (lib_fseek.o (from clib-lc-ld.a) unit 43 section index 2)

_Stub_remove in section 'farcode'
 placed at address 012643-012661 of size 00001f
(stubs.o unit 4 section index 12)
    Defines:
        _Stub_remove = 012643
    References:
        _Dp in (pseudoRegisters.o (from clib-lc-ld.a) unit 13 section index 2)
        sys_fsys_delete in (bindings.o unit 5 section index 65521)

__lib_vsprintf in section 'farcode'
 placed at address 012662-01267f of size 00001e
(__vsprintf_medium.o (from clib-lc-ld.a) unit 34 section index 6)
    Defines:
        __lib_vsprintf = 012662
    References:
        _Dp in (pseudoRegisters.o (from clib-lc-ld.a) unit 13 section index 2)
    Referenced from:
        vfprintf (lib_vfprintf.o (from clib-lc-ld.a) unit 31 section index 2)
        (__vsprintf_medium.o (from clib-lc-ld.a) unit 34 section index 5)

`_StringLiteral_[10,80,114,101,115,115,32,97,110,121,32,107,101,121,32,116,111,32,99,111,110,116,105,110,117,101,46,10]` in section 'cfar'
 placed at address 012680-01269c of size 00001d
(test_cmds.o unit 2 section index 6)
    Defines:
        `_StringLiteral_[10,80,114,101,115,115,32,97,110,121,32,107,101,121,32,116,111,32,99,111,110,116,105,110,117,101,46,10]` = 012680
    Referenced from:
        cmd_more (test_cmds.o unit 2 section index 4)

stdoutstream_flush in section 'farcode'
 placed at address 01269d-0126b7 of size 00001b
(lib_stdoutstream.o (from clib-lc-ld.a) unit 36 section index 3)
    References:
        _Dp in (pseudoRegisters.o (from clib-lc-ld.a) unit 13 section index 2)
        __lib_fflush in (lib_libfflush.o (from clib-lc-ld.a) unit 39 section index 2)

__close in section 'farcode'  placed at address 0126b8-0126d1 of size 00001a
(lib_fclose.o (from clib-lc-ld.a) unit 22 section index 2)
    Defines:
        __close = 0126b8
    References:
        _Dp in (pseudoRegisters.o (from clib-lc-ld.a) unit 13 section index 2)
        _Stub_close in (stubs.o unit 4 section index 7)
    Referenced from:
        (streamlist.o (from clib-lc-ld.a) unit 18 section index 7)
        fclose (lib_fclose.o (from clib-lc-ld.a) unit 22 section index 3)

`?L287` in section 'switch'  placed at address 0126d2-0126e9 of size 000018
(__vsprintf_medium.o (from clib-lc-ld.a) unit 34 section index 20)

`?L270` in section 'switch'  placed at address 0126ea-012701 of size 000018
(__vsprintf_medium.o (from clib-lc-ld.a) unit 34 section index 19)

`?L37` in section 'farcode'  placed at address 012702-012717 of size 000016
(lib_libfflush.o (from clib-lc-ld.a) unit 39 section index 3)
    References:
        _Dp in (pseudoRegisters.o (from clib-lc-ld.a) unit 13 section index 2)

main in section 'farcode'  placed at address 012718-01272d of size 000016
(tester.o unit 0 section index 2)
    Defines:
        main = 012718
    References:
        _Dp in (pseudoRegisters.o (from clib-lc-ld.a) unit 13 section index 2)
        `_StringLiteral_[87,101,108,99,111,109,101,32,116,111,32,116,104,101,32,70,111,101,110,105,120,32,84,111,111,108,98,111,120,32,84,101,115,116,101,114,10,10]` in (tester.o unit 0 section index 3)
        printf in (lib_printf.o (from clib-lc-ld.a) unit 30 section index 2)
        repl in (parser.o unit 1 section index 5)
    Referenced from:
        (cstartup.o (from f256-lc-ld-f256.a) unit 9 section index 6)

strtok in section 'farcode'  placed at address 01272e-012742 of size 000015
(lib_strtok.o (from clib-lc-ld.a) unit 27 section index 3)
    Defines:
        strtok = 01272e
    References:
        _Dp in (pseudoRegisters.o (from clib-lc-ld.a) unit 13 section index 2)
        strtok_r in (lib_strtokr.o (from clib-lc-ld.a) unit 28 section index 2)
    Referenced from:
        parse (parser.o unit 1 section index 4)

readline in section 'farcode'  placed at address 012743-012757 of size 000015
(parser.o unit 1 section index 3)
    Defines:
        readline = 012743
    References:
        sys_chan_readline in (bindings.o unit 5 section index 65521)
    Referenced from:
        repl (parser.o unit 1 section index 5)

cmd_set_border_color in section 'farcode'
 placed at address 012758-01276b of size 000014
(test_cmds.o unit 2 section index 3)
    Defines:
        cmd_set_border_color = 012758
    References:
        _Dp in (pseudoRegisters.o (from clib-lc-ld.a) unit 13 section index 2)
        sys_txt_set_border_color in (bindings.o unit 5 section index 65521)

`_StringLiteral_[67,111,110,116,101,110,116,115,32,111,102,32,37,115,58,10]` in section 'cfar'
 placed at address 01276c-01277c of size 000011
(test_cmds.o unit 2 section index 10)
    Defines:
        `_StringLiteral_[67,111,110,116,101,110,116,115,32,111,102,32,37,115,58,10]` = 01276c
    Referenced from:
        cmd_more (test_cmds.o unit 2 section index 4)
        cmd_dir (test_cmds.o unit 2 section index 5)

`?L386` in section 'farcode'  placed at address 01277d-01278b of size 00000f
(__vsprintf_medium.o (from clib-lc-ld.a) unit 34 section index 12)
    References:
        _Dp in (pseudoRegisters.o (from clib-lc-ld.a) unit 13 section index 2)

`?L24` in section 'farcode'  placed at address 01278c-01279a of size 00000f
(heap_initialize.o (from clib-lc-ld.a) unit 25 section index 4)
    References:
        _Dp in (pseudoRegisters.o (from clib-lc-ld.a) unit 13 section index 2)

`_StringLiteral_/sd0/hello.txt` in section 'cfar'
 placed at address 01279b-0127a9 of size 00000f
(parser.o unit 1 section index 9)
    Defines:
        `_StringLiteral_/sd0/hello.txt` = 01279b
    Referenced from:
        parse (parser.o unit 1 section index 4)

`?L36` in section 'farcode'  placed at address 0127aa-0127b7 of size 00000e
(lib_strtokr.o (from clib-lc-ld.a) unit 28 section index 3)
    References:
        _Dp in (pseudoRegisters.o (from clib-lc-ld.a) unit 13 section index 2)

_JmpIndLong in section 'farcode'
 placed at address 0127b8-0127c5 of size 00000e
(controlFlow.o (from clib-lc-ld.a) unit 12 section index 3)
    Defines:
        _JmpIndLong = 0127b8
    References:
        _Dp in (pseudoRegisters.o (from clib-lc-ld.a) unit 13 section index 2)
    Referenced from:
        exit (exit.o (from clib-lc-ld.a) unit 10 section index 2)
        (__vsprintf_medium.o (from clib-lc-ld.a) unit 34 section index 5)

cmd_set_border_size in section 'farcode'
 placed at address 0127c6-0127d3 of size 00000e
(test_cmds.o unit 2 section index 2)
    Defines:
        cmd_set_border_size = 0127c6
    References:
        _Dp in (pseudoRegisters.o (from clib-lc-ld.a) unit 13 section index 2)
        sys_txt_set_border in (bindings.o unit 5 section index 65521)

`?L385` in section 'farcode'  placed at address 0127d4-0127df of size 00000c
(__vsprintf_medium.o (from clib-lc-ld.a) unit 34 section index 11)
    References:
        _Dp in (pseudoRegisters.o (from clib-lc-ld.a) unit 13 section index 2)

`?L384` in section 'farcode'  placed at address 0127e0-0127eb of size 00000c
(__vsprintf_medium.o (from clib-lc-ld.a) unit 34 section index 10)
    References:
        _Dp in (pseudoRegisters.o (from clib-lc-ld.a) unit 13 section index 2)

`?L381` in section 'farcode'  placed at address 0127ec-0127f7 of size 00000c
(__vsprintf_medium.o (from clib-lc-ld.a) unit 34 section index 7)
    References:
        _Dp in (pseudoRegisters.o (from clib-lc-ld.a) unit 13 section index 2)

`?L37` in section 'farcode'  placed at address 0127f8-012803 of size 00000c
(lib_strtokr.o (from clib-lc-ld.a) unit 28 section index 4)
    References:
        _Dp in (pseudoRegisters.o (from clib-lc-ld.a) unit 13 section index 2)
        strchr in (lib_strchr.o (from clib-lc-ld.a) unit 29 section index 2)

`?L390` in section 'farcode'  placed at address 012804-01280e of size 00000b
(__vsprintf_medium.o (from clib-lc-ld.a) unit 34 section index 16)
    References:
        _Dp in (pseudoRegisters.o (from clib-lc-ld.a) unit 13 section index 2)

`?L23` in section 'farcode'  placed at address 01280f-012819 of size 00000b
(free.o (from clib-lc-ld.a) unit 23 section index 3)
    References:
        _Dp in (pseudoRegisters.o (from clib-lc-ld.a) unit 13 section index 2)

_Stub_lseek in section 'farcode'
 placed at address 01281a-012824 of size 00000b
(stubs.o unit 4 section index 8)
    Defines:
        _Stub_lseek = 01281a
    Referenced from:
        fseek (lib_fseek.o (from clib-lc-ld.a) unit 43 section index 2)

`?L389` in section 'farcode'  placed at address 012825-01282d of size 000009
(__vsprintf_medium.o (from clib-lc-ld.a) unit 34 section index 15)
    References:
        _Dp in (pseudoRegisters.o (from clib-lc-ld.a) unit 13 section index 2)

`?L388` in section 'farcode'  placed at address 01282e-012836 of size 000009
(__vsprintf_medium.o (from clib-lc-ld.a) unit 34 section index 14)

`?L387` in section 'farcode'  placed at address 012837-01283f of size 000009
(__vsprintf_medium.o (from clib-lc-ld.a) unit 34 section index 13)
    References:
        _Dp in (pseudoRegisters.o (from clib-lc-ld.a) unit 13 section index 2)

`?L383` in section 'farcode'  placed at address 012840-012848 of size 000009
(__vsprintf_medium.o (from clib-lc-ld.a) unit 34 section index 9)
    References:
        _Dp in (pseudoRegisters.o (from clib-lc-ld.a) unit 13 section index 2)

`?L382` in section 'farcode'  placed at address 012849-012851 of size 000009
(__vsprintf_medium.o (from clib-lc-ld.a) unit 34 section index 8)
    References:
        _Dp in (pseudoRegisters.o (from clib-lc-ld.a) unit 13 section index 2)

`_StringLiteral_*float*` in section 'cfar'
 placed at address 012852-012859 of size 000008
(__vsprintf_medium.o (from clib-lc-ld.a) unit 34 section index 3)
    Defines:
        `_StringLiteral_*float*` = 012852
    Referenced from:
        (__vsprintf_medium.o (from clib-lc-ld.a) unit 34 section index 5)

`?L392` in section 'farcode'  placed at address 01285a-012860 of size 000007
(__vsprintf_medium.o (from clib-lc-ld.a) unit 34 section index 18)
    References:
        _Dp in (pseudoRegisters.o (from clib-lc-ld.a) unit 13 section index 2)

`?L391` in section 'farcode'  placed at address 012861-012867 of size 000007
(__vsprintf_medium.o (from clib-lc-ld.a) unit 34 section index 17)
    References:
        _Dp in (pseudoRegisters.o (from clib-lc-ld.a) unit 13 section index 2)

g_nullstring in section 'cfar'  placed at address 012868-01286e of size 000007
(__vsprintf_medium.o (from clib-lc-ld.a) unit 34 section index 2)

_Exit in section 'farcode'  placed at address 01286f-012873 of size 000005
(exitC99.o (from clib-lc-ld.a) unit 15 section index 2)
    Defines:
        _Exit = 01286f
    References:
        _Stub_exit in (defaultExit.o (from clib-lc-ld.a) unit 16 section index 2)
    Referenced from:
        exit (exit.o (from clib-lc-ld.a) unit 10 section index 2)

`_StringLiteral_[37,115,47,10]` in section 'cfar'
 placed at address 012874-012878 of size 000005
(test_cmds.o unit 2 section index 9)
    Defines:
        `_StringLiteral_[37,115,47,10]` = 012874
    Referenced from:
        cmd_dir (test_cmds.o unit 2 section index 5)

_StringLiteral_more in section 'cfar'
 placed at address 012879-01287d of size 000005
(parser.o unit 1 section index 12)
    Defines:
        _StringLiteral_more = 012879
    Referenced from:
        parse (parser.o unit 1 section index 4)

`_StringLiteral_/sd0` in section 'cfar'
 placed at address 01287e-012882 of size 000005
(parser.o unit 1 section index 8)
    Defines:
        `_StringLiteral_/sd0` = 01287e
    Referenced from:
        parse (parser.o unit 1 section index 4)

__lib_noflush in section 'farcode'
 placed at address 012883-012886 of size 000004
(lib_libnoflush.o (from clib-lc-ld.a) unit 37 section index 2)
    Defines:
        __lib_noflush = 012883
    Referenced from:
        __lib_stdoutstream (lib_stdoutstream.o (from clib-lc-ld.a) unit 36 section index 4)

`_StringLiteral_[37,115,10]` in section 'cfar'
 placed at address 012887-01288a of size 000004
(test_cmds.o unit 2 section index 8)
    Defines:
        `_StringLiteral_[37,115,10]` = 012887
    Referenced from:
        cmd_dir (test_cmds.o unit 2 section index 5)

_StringLiteral_dir in section 'cfar'
 placed at address 01288b-01288e of size 000004
(parser.o unit 1 section index 11)
    Defines:
        _StringLiteral_dir = 01288b
    Referenced from:
        parse (parser.o unit 1 section index 4)

`_StringLiteral_%s` in section 'cfar'
 placed at address 01288f-012891 of size 000003
(test_cmds.o unit 2 section index 7)
    Defines:
        `_StringLiteral_%s` = 01288f
    Referenced from:
        cmd_more (test_cmds.o unit 2 section index 4)

`_StringLiteral_> ` in section 'cfar'
 placed at address 012892-012894 of size 000003
(parser.o unit 1 section index 10)
    Defines:
        `_StringLiteral_> ` = 012892
    Referenced from:
        repl (parser.o unit 1 section index 5)

`_StringLiteral_ ` in section 'cfar'
 placed at address 012895-012896 of size 000002
(parser.o unit 1 section index 7)
    Defines:
        `_StringLiteral_ ` = 012895
    Referenced from:
        parse (parser.o unit 1 section index 4)

`_StringLiteral_[10]` in section 'cfar'
 placed at address 012897-012898 of size 000002
(parser.o unit 1 section index 6)
    Defines:
        `_StringLiteral_[10]` = 012897
    Referenced from:
        repl (parser.o unit 1 section index 5)

_Stub_exit in section 'farcode'  placed at address 012899-012899 of size 000001
(defaultExit.o (from clib-lc-ld.a) unit 16 section index 2)
    Defines:
        _Stub_exit = 012899
    Referenced from:
        _Exit (exitC99.o (from clib-lc-ld.a) unit 15 section index 2)

__low_level_init in section 'farcode'
 placed at address 01289a-01289a of size 000001
(cstartup.o (from f256-lc-ld-f256.a) unit 9 section index 8)
    Defines:
        __low_level_init = 01289a
    Referenced from:
        __program_start (cstartup.o (from f256-lc-ld-f256.a) unit 9 section index 2)

_Dp in section 'registers'  placed at address 000100-000113 of size 000014
(pseudoRegisters.o (from clib-lc-ld.a) unit 13 section index 2)
    Defines:
        _Vfp = 000110
        _Dp = 000100
    Referenced from:
        main (tester.o unit 0 section index 2)
        parse (parser.o unit 1 section index 4)
        repl (parser.o unit 1 section index 5)
        cmd_set_border_size (test_cmds.o unit 2 section index 2)
        cmd_set_border_color (test_cmds.o unit 2 section index 3)
        cmd_more (test_cmds.o unit 2 section index 4)
        cmd_dir (test_cmds.o unit 2 section index 5)
        (stubs.o unit 4 section index 4)
        ... 65 more

Section 'heap'  placed at address 020000-020fff of size 001000
(linker generated)

g_saveptr in section 'zfar'  placed at address 021000-021003 of size 000004
(lib_strtok.o (from clib-lc-ld.a) unit 27 section index 2)

__default_heap in section 'zfar'
 placed at address 021004-02109d of size 00009a
(heap_initialize.o (from clib-lc-ld.a) unit 25 section index 5)
    Defines:
        __default_heap = 021004
    Referenced from:
        __call_heap_initialize (cstartup.o (from f256-lc-ld-f256.a) unit 9 section index 5)
        free (free.o (from clib-lc-ld.a) unit 23 section index 2)

__atexit_index in section 'zfar'
 placed at address 02109e-02109f of size 000002
(atexit.o (from clib-lc-ld.a) unit 14 section index 3)
    Defines:
        __atexit_index = 02109e
    Referenced from:
        exit (exit.o (from clib-lc-ld.a) unit 10 section index 2)
        atexit (atexit.o (from clib-lc-ld.a) unit 14 section index 4)

__atexit in section 'zfar'  placed at address 0210a0-02111f of size 000080
(atexit.o (from clib-lc-ld.a) unit 14 section index 2)
    Defines:
        __atexit = 0210a0
    Referenced from:
        exit (exit.o (from clib-lc-ld.a) unit 10 section index 2)
        atexit (atexit.o (from clib-lc-ld.a) unit 14 section index 4)

__global_streams in section 'zfar'
 placed at address 021120-021133 of size 000014
(streamlist.o (from clib-lc-ld.a) unit 18 section index 6)
    Defines:
        __global_streams = 021120
    Referenced from:
        (streamlist.o (from clib-lc-ld.a) unit 18 section index 7)
        __initialize_global_streams (streamlist.o (from clib-lc-ld.a) unit 18 section index 8)
        fclose (lib_fclose.o (from clib-lc-ld.a) unit 22 section index 3)
        printf (lib_printf.o (from clib-lc-ld.a) unit 30 section index 2)
        fflush (lib_fflush.o (from clib-lc-ld.a) unit 46 section index 2)

__stderr in section 'zfar'  placed at address 021134-02114c of size 000019
(streamlist.o (from clib-lc-ld.a) unit 18 section index 5)

__stdout in section 'zfar'  placed at address 02114d-021165 of size 000019
(streamlist.o (from clib-lc-ld.a) unit 18 section index 4)

__stdin in section 'zfar'  placed at address 021166-02117e of size 000019
(streamlist.o (from clib-lc-ld.a) unit 18 section index 3)

_ExitCloseStreams in section 'zfar'
 placed at address 02117f-021182 of size 000004
(streamlist.o (from clib-lc-ld.a) unit 18 section index 2)
    Defines:
        _ExitCloseStreams = 02117f
    Referenced from:
        exit (exit.o (from clib-lc-ld.a) unit 10 section index 2)
        __initialize_global_streams (streamlist.o (from clib-lc-ld.a) unit 18 section index 8)

errno in section 'zfar'  placed at address 021183-021184 of size 000002
(errno.o (from clib-lc-ld.a) unit 21 section index 2)
    Defines:
        errno = 021183
    Referenced from:
        _Stub_open (stubs.o unit 4 section index 6)
        fclose (lib_fclose.o (from clib-lc-ld.a) unit 22 section index 3)
        (lib_stdoutstream.o (from clib-lc-ld.a) unit 36 section index 2)
        __lib_fwrite (lib_libfwrite.o (from clib-lc-ld.a) unit 41 section index 2)
        __lib_rdflush (lib_rdflush.o (from clib-lc-ld.a) unit 42 section index 2)
        fflush (lib_fflush.o (from clib-lc-ld.a) unit 46 section index 2)

file_descriptor in section 'zfar'
 placed at address 021185-0211e4 of size 000060
(stubs.o unit 4 section index 3)

is_inited in section 'zfar'  placed at address 0211e5-0211e6 of size 000002
(stubs.o unit 4 section index 2)

line in section 'zfar'  placed at address 0211e7-021236 of size 000050
(parser.o unit 1 section index 2)

__program_start in section 'code'
 placed at address 00a000-00a018 of size 000019
(cstartup.o (from f256-lc-ld-f256.a) unit 9 section index 2)
    Defines:
        __program_start = 00a000
    References:
        _DirectPageStart
        .sectionEnd(stack)
        _Vfp in (pseudoRegisters.o (from clib-lc-ld.a) unit 13 section index 2)
        __low_level_init in (cstartup.o (from f256-lc-ld-f256.a) unit 9 section index 8)
    Referenced from:
        (header.o unit 3 section index 2)
        __program_root_section (cstartup.o (from f256-lc-ld-f256.a) unit 9 section index 7)

__data_initialization_needed in section 'code'
 placed at address 00a019-00a030 of size 000018
(cstartup.o (from f256-lc-ld-f256.a) unit 9 section index 3)
    Defines:
        __data_initialization_needed = 00a019
    References:
        _Dp in (pseudoRegisters.o (from clib-lc-ld.a) unit 13 section index 2)
        .sectionEnd(data_init_table)
        .sectionStart(data_init_table)
        __initialize_sections in (initialize.o (from clib-lc-ld.a) unit 54 section index 2)

__call_initialize_global_streams in section 'code'
 placed at address 00a031-00a034 of size 000004
(cstartup.o (from f256-lc-ld-f256.a) unit 9 section index 4)
    Defines:
        __call_initialize_global_streams = 00a031
    References:
        __initialize_global_streams in (streamlist.o (from clib-lc-ld.a) unit 18 section index 8)

__call_heap_initialize in section 'code'
 placed at address 00a035-00a052 of size 00001e
(cstartup.o (from f256-lc-ld-f256.a) unit 9 section index 5)
    Defines:
        __call_heap_initialize = 00a035
    References:
        _Dp in (pseudoRegisters.o (from clib-lc-ld.a) unit 13 section index 2)
        .sectionSize(heap)
        .sectionStart(heap)
        __default_heap in (heap_initialize.o (from clib-lc-ld.a) unit 25 section index 5)
        __heap_initialize in (heap_initialize.o (from clib-lc-ld.a) unit 25 section index 3)

Section 'code'  placed at address 00a053-00a05d of size 00000b
(cstartup.o (from f256-lc-ld-f256.a) unit 9 section index 6)
    References:
        exit in (exit.o (from clib-lc-ld.a) unit 10 section index 2)
        main in (tester.o unit 0 section index 2)

Section 'stack'  placed at address 00a05e-00b05d of size 001000
(linker generated)

__program_root_section in section 'reset'
 placed at address 00fffc-00fffd of size 000002
(cstartup.o (from f256-lc-ld-f256.a) unit 9 section index 7)
    Defines:
        __program_root_section = 00fffc
    References:
        __program_start in (cstartup.o (from f256-lc-ld-f256.a) unit 9 section index 2)

##########################
#                        #
# Memory sizes (decimal) #
#                        #
##########################

Executable       (Text): 10491 bytes
Data                   :   567 bytes
Non-initialized        :  8212 bytes
